// Jest Snapshot v1, https://goo.gl/fbAQLP

exports[`PhotoBox Unit test PhotoBox should render correctly PhotoBox should render correctly in "debug" mode 1`] = `ShallowWrapper {}`;
