// Jest Snapshot v1, https://goo.gl/fbAQLP

exports[`PopUpComponent Unit test PopUpComponent should render correctly PopUpComponent should render correctly in "debug" mode 1`] = `ShallowWrapper {}`;
