// Jest Snapshot v1, https://goo.gl/fbAQLP

exports[`PopularDishList Unit test PopularDishList should render correctly PopularDishList should render correctly in "debug" mode 1`] = `ShallowWrapper {}`;
