// Jest Snapshot v1, https://goo.gl/fbAQLP

exports[`PopularDishEntry Unit test PopularDishEntry should render correctly PopularDishEntry should render correctly in "debug" mode 1`] = `ShallowWrapper {}`;
