// Jest Snapshot v1, https://goo.gl/fbAQLP

exports[`Review Unit test Review should render correctly Review should render correctly in "debug" mode 1`] = `ShallowWrapper {}`;
