// Jest Snapshot v1, https://goo.gl/fbAQLP

exports[`Components should render correctly SimpleBox should render correctly in "debug" mode 1`] = `ShallowWrapper {}`;
